초기 설정
	git config --global user.name "sky82e"
	git config --global user.email "sky82e@naver.com"


c:\workspace\git_test 폴더 생성

	PS C:\workspace\git_test> git init
					Initialized empty Git repository in C:/workspace/git_test/.git/

	임의 파일 생성 후( learning.txt)

	PS C:\workspace\git_test> git status
		On branch master

		No commits yet

		Untracked files:
		  (use "git add <file>..." to include in what will be committed)

	        learning.txt

	// 최초
	PS C:\workspace\git_test> git add .\learning.txt					|	Tracked File

	// git Add 했을 경우
	PS C:\workspace\git_test> git status
					On branch master					|
												|			
					No commits yet						|
												|
					Changes to be committed:				|		
					  (use "git rm --cached <file>..." to unstage)		|
												|	Staging Area (Staged Filed)
				        new file:   learning.txt				|

	// Commit	
	PS C:\workspace\git_test> git commit .\learning.txt -m "First Commit File"		|
					[master (root-commit) 4fa4892] First Commit File	|
					 1 file changed, 32 insertions(+)			|	(Committed File)	
					 create mode 100644 learning.txt			|


	// 수정했을 경우
	PS C:\workspace\git_test> git status
					On branch master
					Changes not staged for commit:
					  (use "git add <file>..." to update what will be committed)
					  (use "git checkout -- <file>..." to discard changes in working directory)

				        modified:   learning.txt

					no changes added to commit (use "git add" and/or "git commit -a")

	// 2번째 커밋
	PS C:\workspace\git_test> git commit .\learning.txt -m "Modifed Commit File"
					[master 067a808] Modifed Commit File
					 1 file changed, 24 insertions(+), 3 deletions(-)
			
	// .gitignore (Tracking 하지 않을 파일)		
	PS C:\workspace\git_test> New-Item -Path .\.gitignore -ItemType file -Value "test.txt"


				    디렉터리: C:\workspace\git_test
	
						Mode                LastWriteTime         Length Name
						----                -------------         ------ ----
						-a----     2017-12-20  오후 10:35              8 .gitignore

	// Tracking 제외 파일
	PS C:\workspace\git_test> New-Item -Path .\test.txt -ItemType file


				    디렉터리: C:\workspace\git_test


	PS C:\workspace\git_test> git commit -a -m "git Ignore File Test"
					[master 7236f33] git Ignore File Test
					 1 file changed, 42 insertions(+)


						Mode                LastWriteTime         Length Name
						----                -------------         ------ ----
						-a----     2017-12-20  오후 10:36              0 test.txt

	// 결과
	PS C:\workspace\git_test> git status
					On branch master
					Changes not staged for commit:
					  (use "git add <file>..." to update what will be committed)
					  (use "git checkout -- <file>..." to discard changes in working directory)

				        modified:   learning.txt

					Untracked files:
					  (use "git add <file>..." to include in what will be committed)

				        .gitignore

					no changes added to commit (use "git add" and/or "git commit -a")

	//