초기 설정
	git config --global user.name "sky82e"
	git config --global user.email "sky82e@naver.com"


c:\workspace\git_test 폴더 생성

	PS C:\workspace\git_test> git init
					Initialized empty Git repository in C:/workspace/git_test/.git/

	임의 파일 생성 후( learning.txt)

	PS C:\workspace\git_test> git status
		On branch master

		No commits yet

		Untracked files:
		  (use "git add <file>..." to include in what will be committed)

	        learning.txt

	// 최초
	PS C:\workspace\git_test> git add .\learning.txt					|	Tracked File

	// git Add 했을 경우
	PS C:\workspace\git_test> git status
					On branch master					|
												|			
					No commits yet						|
												|
					Changes to be committed:				|		
					  (use "git rm --cached <file>..." to unstage)		|
												|	Staging Area (Staged Filed)
				        new file:   learning.txt				|

	// Commit	
	PS C:\workspace\git_test> git commit .\learning.txt -m "First Commit File"		|
					[master (root-commit) 4fa4892] First Commit File	|
					 1 file changed, 32 insertions(+)			|	(Committed File)	
					 create mode 100644 learning.txt			|


	// 수정했을 경우
	PS C:\workspace\git_test> git status
					On branch master
					Changes not staged for commit:
					  (use "git add <file>..." to update what will be committed)
					  (use "git checkout -- <file>..." to discard changes in working directory)

				        modified:   learning.txt

					no changes added to commit (use "git add" and/or "git commit -a")